0	TTTTTCACATTAAAGTAGCTGGATTGTACCTAAATTCATCCGTACGGGATACTGGTGCGG	50	10	TTCAAGAGGCAAAAATGAAGGGAGATAGTTTTCAGCAGGAACGGAGCTGAGGTAAGGCTA	60
0	TATTCTCCGTATTGGATAGCCGCGAAGAAACTACGCCCATCATACGGTGGTTGATCTCGC	50	10	GGATACACAAGTTGATCTACCAAATTTGGAAGCACAAGCGCGGCCGATATGGCCACAGAT	60
0	ACGTGCTCCTTATTTGTAGCGCTGGGCAGGTCTCGATGATATGAGGCTCCTTAGCTACTG	50	10	AAGATACGCGGCACCTGAGGGGCCATTTGATTTGTTATTAGTATGGCTGTCTCAAACCCC	60
0	GGGGTAAGCTGGCAGACCATCTTCTAGATCCTTTAGGCATAAGGGTAGACGTCTCTTCTG	50	10	TTACTTTCGCAGGTCTCAGTCTTATAATCGGACCTCTGACGGAGTGGCACATAACACGTT	60
0	GTCATCCCCGCATGATTTATTGCAGGAGCCCAGTAGGGGGCCAAGGTTTGGCCATCGCGT	50	10	CGGTGCAGCTCAGATTGAAAGTTTGTGGCGATTTTCACCAGAGGTTATATGCGGACACAA	60
0	CGTCTTGACAAGCTCAAATGTGATCTTCAAGTATAGAACGACGCGCAATTGGGACTTCGG	50	10	TGCACGTCCAGTCCCCAATGTATGGGACATATCCGCGCTTTACCCAAGCGTAGCCCAATC	60
0	AGCACATGACGCAGAGAGATGAGGTGCAGCAGCAAGGGTTATCCATTAGGGTTCTCCAGT	50	10	GCAGACAGGAAGCAAGCCGCGACATTAGGAAGATGCATATTTAGCTTTGCTGAACCCCTT	60
0	CATAAGTCAAATGACACCGAGGAAGCAGGCTCGGTATTCTTCCGAGTATGGTGAGTTAGG	50	10	AACGTCGGTACCATGTCGTTTATAAGAGCTTATCAGTTCATATTCTTCCCAACCTAGCCT	60
0	CTGCAGCGATTCCGTGGGAGAGGTAATCGTCGGGAACAGCACATACTCGAGGAACGAGAA	50	10	ATGGTGAGGAATTCGGTACTATGGAATTATGGACGCTGAAGAACGACACTCCTCCTTAAG	60
0	AATTGGTATTGTGCTGTTCACAATCATCATGGTGAACGTACGGGTGGCATGCGGATCCTT	50	10	CGGGTGGGCTTGCGTAATAGTATACAGCGTGGCGAACCTGAGCTATTAGAAGCATGGTAC	60
