0	GTAAGTTGTTCGAGCCCCTACATAGCCATTGTCGTTCACAATACTACCCCCAGGCCGGAA	50	10	ATACTACCCCCAGGCCGGAATCAAGGGGTGTGCACGATGAAGCCTTCTGTACTGGTGGAA	60
0	GGTGTATCTAGTTACAACCAGATATGAGCGATCCCATGTGAAGTAAGAGAAGGACAACTA	50	10	AAGTAAGAGAAGGACAACTACAAGGAGAGCCGGTGCGGGAGGGGAGGGCCAAAGTTGAAC	60
0	TTGAATCTACAAGGAAATTTATGGGTCAGTTTGCCAAAAGTTGGATTAGTAGATTCCCAC	50	10	TTGGATTAGTAGATTCCCACAGGCTGTTGTTAGTATGCAATACTTGTCTTTCTGCCTGCA	60
0	TACCAATTCTTCCCTCAATGGTGCTAATTGGCACAATAGGCCTCCGTACGCTTAAAATGA	50	10	CCTCCGTACGCTTAAAATGAAGAATCCCGTAGGGCGAAAAGGTAAGTCGTCACGGCTATG	60
0	AGGTTTCTAGGTACGCTAAAATTACAAAATTCCATGTCTTGACTCCACAACACTATATGT	50	10	GACTCCACAACACTATATGTAGTCGGGTAGCAGCTTCCGCCGCGGGACCGTCTTCAAAAC	60
0	GTCAAGCTGGGAAACCCCGTGAAAGAAAGCCAGAATCTGTTAATAGGTCGCAGGAAGGGT	50	10	TAATAGGTCGCAGGAAGGGTTGCACGAGTCAGTCCCAACCGGTGGGAGGTCTTCTGGAGG	60
0	TTCTCACGTGAGAACACACTCCGTCTCGCGCGCACACGGGGCTCACCTCGACCCAAATAG	50	10	GCTCACCTCGACCCAAATAGTAAAATACACTCGTACGGGTGGGTTATCGGGACCGTATCT	60
0	GTTCATTTGCTTTTGTCGCCCCGCAGGAGTGCCACGGCCGTACTGACGCTGTCAACCGAA	50	10	TACTGACGCTGTCAACCGAATTATCATAGTATCCGACTAGGCCTCTCTTGATGAGTCGAT	60
0	CATTTGACCGGTTTCTTGATATTCGTCCGAACCGGCGGGGACAGTTAGCAGCTCAATTAT	50	10	ACAGTTAGCAGCTCAATTATCCTCTCTCGTAGCCGACTATCCAAAATTCAAGTTGTCCGT	60
0	TGCGCTAGGCCTGGGCGCTCTACTAAGCCGCGGACGTACGATCTGACCCGTCGGCGCAGC	50	10	ATCTGACCCGTCGGCGCAGCTTACAAATGGTAACCCGAGTACCAAGAGCCCCCCTTCAAG	60
